Category: compute;scheme="http://schemas.ogf.org/occi/infrastructure#";class="kind";title="Compute Resource";rel="http://schemas.ogf.org/occi/core#resource";location="/compute/";attributes="occi.compute.architecture occi.compute.state occi.compute.speed occi.compute.memory occi.compute.cores occi.compute.hostname";actions="http://schemas.ogf.org/occi/infrastructure/compute/action#start http://schemas.ogf.org/occi/infrastructure/compute/action#stop http://schemas.ogf.org/occi/infrastructure/compute/action#restart http://schemas.ogf.org/occi/infrastructure/compute/action#suspend"
